Department of Treasury
Department of Finance
Department of Transportation
Department of Trade and Industry
Department of Labor
Department of Justice
Department of the Interior
Department of Interior
Department of Housing and Community Development
Department of Health and Human Services
Department of Commerce
Department of Agriculture
Department of Defense
Department of State
Department of Trade and Industry
Department of Radio
Department of Posts and Telecommunications
Department of Oil Refining and Petrochemical 
Department of Oil Industry
Department of Oil
Department of Mineral Fertilizers
Department of International Trade and Industry
Department of Geology
Department of Foreign Economic Relations
Department of Electronics Industry
Department of Foreign Affairs
Treasury Department
Finance Department
Transportation Department
Trade and Industry Department
Labor Department
Justice Department
Interior Department
Housing and Community Development Department
Health and Human Services Department
Commerce Department
Agriculture Department
Defense Department
State Department
Highway Department
Trade and Industry Department
Radio Department
Posts and Telecommunications Department
Oil Refining and Petrochemical Department
Oil Industry Department
Oil Department
Mineral Fertilizers Department
International Trade and Industry Department
Geology Department
Foreign Economic Relations Department
Electronics Industry Department
Foreign Affairs Department
Foreign Department
