Ministry of Treasury
Ministry of Finance
Ministry of Transportation
Ministry of Trade and Industry
Ministry of Labor
Ministry of Justice
Ministry of the Interior
Ministry of Interior
Ministry of Housing and Community Development
Ministry of Health and Human Services
Ministry of Commerce
Ministry of Agriculture
Ministry of Defense
Ministry of State
Ministry of Trade and Industry
Ministry of Radio
Ministry of Posts and Telecommunications
Ministry of Oil Refining and Petrochemical 
Ministry of Oil Industry
Ministry of Oil
Ministry of Mineral Fertilizers
Ministry of International Trade and Industry
Ministry of Geology
Ministry of Foreign Economic Relations
Ministry of Electronics Industry
Ministry of Foreign Affairs
Treasury Ministry
Finance Ministry
Transportation Ministry
Trade and Industry Ministry
Labor Ministry
Justice Ministry
Interior Ministry
Housing and Community Development Ministry
Health and Human Services Ministry
Commerce Ministry
Agriculture Ministry
Defense Ministry
State Ministry
Highway Ministry
Trade and Industry Ministry
Radio Ministry
Posts and Telecommunications Ministry
Oil Refining and Petrochemical Ministry
Oil Industry Ministry
Oil Ministry
Mineral Fertilizers Ministry
International Trade and Industry Ministry
Geology Ministry
Foreign Economic Relations Ministry
Electronics Industry Ministry
Foreign Affairs Ministry
Foreign Ministry
